// Jest Snapshot v1, https://goo.gl/fbAQLP

exports[`Tests for Programming component Should render withou crash 1`] = `
Array [
  <div
    className="WrapperPadding-ovjbyx-0 lcnoja"
  >
    <div
      className="Panel__StyledPanel-sc-1qzkpb6-0 cGUlCn"
    >
      <span
        className="Panel__StyledIcon-sc-1qzkpb6-2 iavvSk"
      >
        <span
          className="icon icon-programming Icon__StyledIcon-crr1cg-0 dfhcZR"
          disabled={false}
          fontSize="3rem"
          onClick={null}
        />
      </span>
    </div>
    <ul
      className="PanelActions__StyledActions-sc-8xk8c8-0 lllkGw"
    />
  </div>,
  <form
    className="FormBuilder__StyledForm-c1htou-0 PZxQa"
    onSubmit={[Function]}
  >
    <div
      className="form__container"
    >
      <div
        className="FormGroup__StyledFormGroup-hydimu-0 isOWlT"
      >
        <label
          className="FormLabel__StyledFormLabel-vu10xa-0 cVRKKv"
        >
          Descrição
          
          <span
            className="FormRequired__StyledFormRequired-svb7d8-0 jawWZC"
          >
             *
          </span>
        </label>
        <textarea
          className="FormField__Field-sc-1at7ilr-0 ceLHeu FormTextArea__StyledFormText-sc-9g3u2c-0 hmDUjT"
          data-cy="input-describe"
          disabled={false}
          id="describe"
          isInvalid={false}
          name="describe"
          onBlur={[Function]}
          onChange={[Function]}
          onFocus={[Function]}
          placeholder=""
          readOnly={false}
          required={true}
          type="text"
          value="teste"
        />
      </div>
    </div>
  </form>,
  <div
    className="FormButtonContainer-sc-1cqqivn-0 ADyLt"
  >
    <button
      className="Button__StyledButton-sc-1fc3klx-0 bEGBgE"
      disabled={false}
      fill={false}
      onClick={[Function]}
    >
      Salvar serviço
    </button>
    <a
      className="Cancel__StyledCancel-sc-1prgtit-0 WzuoR"
      to="/travel/5c52ebcd5fc7c949223ab705/script"
    >
      Cancelar
    </a>
  </div>,
]
`;
