// Jest Snapshot v1, https://goo.gl/fbAQLP

exports[`Tests for Feedback component Should render withou crash 1`] = `
<main
  className="Page__StyledPage-sc-9alblw-0 eBjaLI"
>
  <div
    className="Background__StyledBg-sc-904t04-0 bTqgFQ"
  />
  <div
    className="Box__StyledBox-v5mj6b-0 llPnpv"
  >
    <div
      className="Feedback__StyledBox-bpbx1j-1 jCUzAm"
    >
      <span
        className="Feedback__StyledIcon-bpbx1j-0 amCva"
      >
        <span
          className="icon icon-check Icon__StyledIcon-crr1cg-0 crXXNX"
          disabled={false}
          fontSize="4rem"
          onClick={null}
        />
      </span>
    </div>
    <div
      className="Text__StyledText-fa81pq-0 bIShHK"
    />
    <div
      className="Feedback__StyledSpacing-bpbx1j-2 dlROWv"
    />
  </div>
</main>
`;
