// Jest Snapshot v1, https://goo.gl/fbAQLP

exports[`Tests for Notifications component Should render without crash 1`] = `
<div
  className="Dropdown__StyledDropdown-sc-14kwj8x-0 iZGQRX"
  onMouseEnter={[Function]}
  onMouseLeave={[Function]}
>
  <span
    className="icon icon-notification Icon__StyledIcon-crr1cg-0 cmjVJQ"
    disabled={false}
    fontSize="1.75rem"
    onClick={null}
  />
  <ul
    className="DropdownList__StyledDropdownList-vjd4uo-0 iDpmEs"
  >
    <li
      className="DropdownItem__StyledDropdownItem-sc-102yxuy-0 jhIdjc"
      onClick={null}
    >
      <span
        className="DropdownTitle__StyledDropdownTitle-y9o5oh-0 hFdNKe"
      >
        Notificações
      </span>
    </li>
    <li
      className="DropdownItem__StyledDropdownItem-sc-102yxuy-0 kBLyiT"
      onClick={null}
    >
      <span
        className="DropdownLabel__StyledDropdownLabel-scn6ga-0 fJmcGN"
      >
        Alteração serviço
      </span>
      <span
        className="DropdownLabel__StyledDropdownLabel-scn6ga-0 gxUkFn"
      >
        Há 2 minutos
      </span>
    </li>
    <li
      className="DropdownItem__StyledDropdownItem-sc-102yxuy-0 kBLyiT"
      onClick={null}
    >
      <span
        className="DropdownLabel__StyledDropdownLabel-scn6ga-0 fJmcGN"
      >
        Lembrete: Preencher informações
      </span>
      <span
        className="DropdownLabel__StyledDropdownLabel-scn6ga-0 gxUkFn"
      >
        Ontem às 15:30
      </span>
    </li>
  </ul>
</div>
`;
